2026-07-08 16:58:16,392 INFO o.a.j.u.JMeterUtils: Setting Locale to en_EN
2026-07-08 16:58:16,428 INFO o.a.j.JMeter: Loading user properties from: /Users/victorrentea/workspace/apache-jmeter-5.4.3/bin/user.properties
2026-07-08 16:58:16,428 INFO o.a.j.JMeter: Loading system properties from: /Users/victorrentea/workspace/apache-jmeter-5.4.3/bin/system.properties
2026-07-08 16:58:16,431 INFO o.a.j.JMeter: Copyright (c) 1998-2021 The Apache Software Foundation
2026-07-08 16:58:16,431 INFO o.a.j.JMeter: Version 5.4.3
2026-07-08 16:58:16,431 INFO o.a.j.JMeter: java.version=21.0.6
2026-07-08 16:58:16,431 INFO o.a.j.JMeter: java.vm.name=OpenJDK 64-Bit Server VM
2026-07-08 16:58:16,431 INFO o.a.j.JMeter: os.name=Mac OS X
2026-07-08 16:58:16,431 INFO o.a.j.JMeter: os.arch=aarch64
2026-07-08 16:58:16,431 INFO o.a.j.JMeter: os.version=15.7.7
2026-07-08 16:58:16,431 INFO o.a.j.JMeter: file.encoding=UTF-8
2026-07-08 16:58:16,431 INFO o.a.j.JMeter: java.awt.headless=null
2026-07-08 16:58:16,431 INFO o.a.j.JMeter: Max memory     =1073741824
2026-07-08 16:58:16,431 INFO o.a.j.JMeter: Available Processors =10
2026-07-08 16:58:16,444 INFO o.a.j.JMeter: Default Locale=English (EN)
2026-07-08 16:58:16,445 INFO o.a.j.JMeter: JMeter  Locale=English (EN)
2026-07-08 16:58:16,445 INFO o.a.j.JMeter: JMeterHome=/Users/victorrentea/workspace/apache-jmeter-5.4.3
2026-07-08 16:58:16,445 INFO o.a.j.JMeter: user.dir  =/Users/victorrentea/workspace/training-assistant
2026-07-08 16:58:16,445 INFO o.a.j.JMeter: PWD       =/Users/victorrentea/workspace/training-assistant
2026-07-08 16:58:16,469 INFO o.a.j.JMeter: IP: 127.0.0.1 Name: localhost FullName: localhost
2026-07-08 16:58:16,897 INFO o.a.j.JMeter: Setting LAF to: laf:javax.swing.plaf.metal.MetalLookAndFeel
2026-07-08 16:58:18,247 INFO o.a.j.JMeter: Loaded icon properties from org/apache/jmeter/images/icon.properties
2026-07-08 16:58:19,794 INFO o.j.r.JARSourceHTTP: Requesting https://jmeter-plugins.org/repo/?installID=mac_os_x-8951afaf2a4e85d503890b6997b96499-gui
2026-07-08 16:58:20,668 INFO o.a.j.JMeter: Loading file: /Users/victorrentea/workspace/training-assistant/tests/load/poll-vote-load-test.jmx
2026-07-08 16:58:20,670 INFO o.a.j.s.FileServer: Default base='/Users/victorrentea/workspace/training-assistant'
2026-07-08 16:58:20,671 INFO o.a.j.s.FileServer: Set new base='/Users/victorrentea/workspace/training-assistant/tests/load'
2026-07-08 16:58:21,017 INFO o.a.j.s.SaveService: Testplan (JMX) version: 2.2. Testlog (JTL) version: 2.2
2026-07-08 16:58:21,059 INFO o.a.j.s.SaveService: Using SaveService properties version 5.0
2026-07-08 16:58:21,060 INFO o.a.j.s.SaveService: Using SaveService properties file encoding UTF-8
2026-07-08 16:58:21,061 INFO o.a.j.s.SaveService: Loading file: /Users/victorrentea/workspace/training-assistant/tests/load/poll-vote-load-test.jmx
2026-07-08 16:58:21,242 INFO o.a.j.p.h.s.HTTPSamplerBase: Parser for text/html is org.apache.jmeter.protocol.http.parser.LagartoBasedHtmlParser
2026-07-08 16:58:21,242 INFO o.a.j.p.h.s.HTTPSamplerBase: Parser for application/xhtml+xml is org.apache.jmeter.protocol.http.parser.LagartoBasedHtmlParser
2026-07-08 16:58:21,242 INFO o.a.j.p.h.s.HTTPSamplerBase: Parser for application/xml is org.apache.jmeter.protocol.http.parser.LagartoBasedHtmlParser
2026-07-08 16:58:21,242 INFO o.a.j.p.h.s.HTTPSamplerBase: Parser for text/xml is org.apache.jmeter.protocol.http.parser.LagartoBasedHtmlParser
2026-07-08 16:58:21,242 INFO o.a.j.p.h.s.HTTPSamplerBase: Parser for text/vnd.wap.wml is org.apache.jmeter.protocol.http.parser.RegexpHTMLParser
2026-07-08 16:58:21,242 INFO o.a.j.p.h.s.HTTPSamplerBase: Parser for text/css is org.apache.jmeter.protocol.http.parser.CssParser
2026-07-08 16:58:21,288 INFO o.a.j.s.FileServer: Set new base='/Users/victorrentea/workspace/training-assistant/tests/load'
2026-07-08 16:58:21,440 INFO o.a.j.s.SampleResult: Note: Sample TimeStamps are START times
2026-07-08 16:58:21,441 INFO o.a.j.s.SampleResult: sampleresult.default.encoding is set to ISO-8859-1
2026-07-08 16:58:21,441 INFO o.a.j.s.SampleResult: sampleresult.useNanoTime=true
2026-07-08 16:58:21,441 INFO o.a.j.s.SampleResult: sampleresult.nanoThreadSleep=5000
2026-07-08 16:58:21,559 INFO o.a.j.v.ViewResultsFullVisualizer: Add JavaFX to your Java installation if you want to use renderer: org.apache.jmeter.visualizers.RenderInBrowser
2026-07-08 16:58:22,131 INFO o.j.r.PluginManager: Plugins Status: [jpgc-graphs-dist=2.0, jpgc-plugins-manager=1.10, websocket-samplers=1.3.2, jmeter-core=5.4.3, jmeter-ftp=5.4.3, jmeter-http=5.4.3, jmeter-jdbc=5.4.3, jmeter-jms=5.4.3, jmeter-junit=5.4.3, jmeter-java=5.4.3, jmeter-ldap=5.4.3, jmeter-mail=5.4.3, jmeter-mongodb=5.4.3, jmeter-native=5.4.3, jmeter-tcp=5.4.3, jmeter-components=5.4.3]
2026-07-08 16:58:22,156 INFO o.j.r.PluginManagerMenuItem: Plugins Manager has upgrades: [jpgc-graphs-dist, jpgc-plugins-manager]
